python : 
SystemCheckError: 
System check 
identified some 
issues:
At line:1 char:1
+ python manage.py 
check > 
error_log.txt 2>&1
+ ~~~~~~~~~~~~~~~~~~~
~~~~~~~~~~~~~~~~~~~~~
~~~
    + CategoryInfo   
           : 
NotSpecified: (S    
ystemCheckErro...ed 
s    ome 
issues::String) [    
], RemoteException
    + 
FullyQualifiedError  
  Id : 
NativeCommandErr    
or
 

ERRORS:
<class 'apps.bookings
.admin.PartyBookingAd
min'>: (admin.E108) 
The value of 
'list_display[5]' 
refers to 
'booking_status', 
which is not a 
callable or 
attribute of 
'PartyBookingAdmin', 
or an attribute, 
method, or field on '
bookings.PartyBooking
'.
<class 'apps.bookings
.admin.PartyBookingAd
min'>: (admin.E108) 
The value of 
'list_display[6]' 
refers to 
'payment_status', 
which is not a 
callable or 
attribute of 
'PartyBookingAdmin', 
or an attribute, 
method, or field on '
bookings.PartyBooking
'.
<class 'apps.bookings
.admin.PartyBookingAd
min'>: (admin.E108) 
The value of 
'list_display[8]' 
refers to 
'party_package', 
which is not a 
callable or 
attribute of 
'PartyBookingAdmin', 
or an attribute, 
method, or field on '
bookings.PartyBooking
'.
<class 'apps.bookings
.admin.PartyBookingAd
min'>: (admin.E116) 
The value of 
'list_filter[0]' 
refers to 
'booking_status', 
which does not refer 
to a Field.
<class 'apps.bookings
.admin.PartyBookingAd
min'>: (admin.E116) 
The value of 
'list_filter[1]' 
refers to 
'payment_status', 
which does not refer 
to a Field.
<class 'apps.bookings
.admin.PartyBookingAd
min'>: (admin.E116) 
The value of 
'list_filter[2]' 
refers to 
'waiver_status', 
which does not refer 
to a Field.
<class 'apps.bookings
.admin.PartyBookingAd
min'>: (admin.E116) 
The value of 
'list_filter[4]' 
refers to 
'decorations', which 
does not refer to a 
Field.
<class 'apps.bookings
.admin.PartyBookingAd
min'>: (admin.E116) 
The value of 
'list_filter[5]' 
refers to 
'catering', which 
does not refer to a 
Field.
<class 'apps.bookings
.admin.TransactionAdm
in'>: (admin.E108) 
The value of 
'list_display[3]' 
refers to 'method', 
which is not a 
callable or 
attribute of 
'TransactionAdmin', 
or an attribute, 
method, or field on '
bookings.Transaction'
.
<class 'apps.bookings
.admin.TransactionAdm
in'>: (admin.E116) 
The value of 
'list_filter[0]' 
refers to 'method', 
which does not refer 
to a Field.

System check 
identified 10 issues 
(0 silenced).
